$ node --test --test-reporter=tap test/refresh-expired.test.ts
# exit=1 signal=null timedOut=false durationMs=160
--- stdout ---
TAP version 13
# Subtest: expired refresh token returns 401 token_expired, not 500 internal_error
not ok 1 - expired refresh token returns 401 token_expired, not 500 internal_error
  ---
  duration_ms: 1.323084
  type: 'test'
  location: '<LIVE_ROOT>/runtime/worktrees/run-20260926064335-0a4172/reproduction/test/refresh-expired.test.ts:5:1'
  failureType: 'testCodeFailure'
  error: |-
    Expected HTTP 401 for an expired refresh token but got HTTP 500 (body: {"error":"internal_error"}). The server is returning 500 internal_error instead of 401.
    
    500 !== 401
    
  code: 'ERR_ASSERTION'
  name: 'AssertionError'
  expected: 401
  actual: 500
  operator: 'strictEqual'
  stack: |-
    TestContext.<anonymous> (file://<LIVE_ROOT>/runtime/worktrees/run-20260926064335-0a4172/reproduction/test/refresh-expired.test.ts:8:10)
    Test.runInAsyncScope (node:async_hooks:214:14)
    Test.run (node:internal/test_runner/test:1047:25)
    Test.start (node:internal/test_runner/test:944:17)
    startSubtestAfterBootstrap (node:internal/test_runner/harness:296:17)
  ...
1..1
# tests 1
# suites 0
# pass 0
# fail 1
# cancelled 0
# skipped 0
# todo 0
# duration_ms 113.177875

--- stderr ---

